[
  "https://github.com/cnkz111/MPM3PM_ESPEasy/blob/f7c2a768e43ab98e61c5f25a9bd296a208eddcf2/ESPEasy-mega-20190626/lib/MechInputs/README.md",
  "https://github.com/baobon/Smart-Home-/blob/a1ec118f0cb312e517dffb383f0d734b26f09ddc/ESPEasy_mega-20190425/source/lib/MechInputs/README.md",
  "https://github.com/radare/radare2-regressions/blob/d2bea2196b1e391e299fd4d8186a3fe74309912a/README.md",
  "https://github.com/hsoft/collapseos/blob/9fb77054c0d736aa175893486a2689ccbccae211/apps/zasm/README.md",
  "https://github.com/cinchapi/concourse/blob/f89c83b02d0b694c75be9deb58eb9a082428d0d5/concourse-driver-java/README.md",
  "https://github.com/novaeeken/reddits-best/blob/bebb2c16a8bc96100b9916aeb9b1f9162075f980/README.md",
  "https://github.com/tonyrog/chine/blob/c5be6bedd69c6dc2585a053bba8f4208d2f84ae2/README.md",
  "https://github.com/elmsln/rollup-plugin-rewrite-imports/blob/8642326d12159affe268f3b65884cd0ef8a79710/README.md",
  "https://github.com/go-functional/dcode/blob/480bb82cebdb92473134d5fb0f1c389dd90487a9/README.md",
  "https://github.com/dvzgeo/php_ogr/blob/9b7e864b59cd6fa144af9c808698692e323240ef/README.md",
  "https://github.com/charuga/eseasy/blob/d6a279840833a4ce1e7272447f1d16b7729f57ca/lib/MechInputs/README.md",
  "https://github.com/algal/swiftlinux/blob/ca35f274933d79b0d7b64c2044b07ad2ef460490/README.md",
  "https://github.com/mich4el-git/ReefLight/blob/368dc0ea22297a01b1e70067ae7556c900715297/espeasy_software/ESPEasy-2.0/lib/MechInputs/README.md",
  "https://github.com/oli196/Testing/blob/d6a279840833a4ce1e7272447f1d16b7729f57ca/lib/MechInputs/README.md",
  "https://github.com/mkreiser/ITC-Backend/blob/d152fe4fa0633bd22d1b6a3bdede06a557549d73/README.md",
  "https://github.com/axiomware/Advertisement_scanner_MQTT/blob/c3cfcd9b76f8619b5b7bc21167f34e57cc4f66b5/README.md",
  "https://github.com/henfri/bitbuckedconverter/blob/4b67f941c124418b35d75face91afee54bdaad0b/README.md",
  "https://github.com/imgtester/espeasy_test/blob/12ec22b1b2ce4b3688710b8af2bc3b0e037e1acb/lib/MechInputs/README.md",
  "https://github.com/wmik/consert/blob/af9ae947060a88c591c96f1fdf4e4ec24657cdf6/readme.md",
  "https://github.com/qwerty90/Lampa/blob/8a8979312df03201b1e64a1e07b99379bd183c45/arduino-1.6.12P230/libraries/MechInputs/README.md",
  "https://github.com/arnemauer/ESPEasy-mega-20180904/blob/d73a5741892e9cd070de04514addfd07b3ed654e/lib/MechInputs/README.md",
  "https://github.com/earlgreyz/SIK-siktacka/blob/bb6cea66d3d1ec6b292c0dc02f1030b7a9e8a02d/README.md",
  "https://github.com/jiamule/ESPEasy/blob/db578758242ca12f3d873e531aede07ed64a4839/Libraries/MechInputs/README.md",
  "https://github.com/disanna/FanCoilController/blob/b434a411f77fed5a9e7a468f5774537d08024844/Espeasy/lib/MechInputs/README.md",
  "https://github.com/simpl-kist/SimPL_public/blob/ec39764499c4f05bbf1e22d8bb6b7fe28d2b7eac/readme.md",
  "https://github.com/efischer19/ft-frontend/blob/20fcf3c401b8d5199de29b7b3088044e150a6d4b/doc/ft-backend/aws/cognito/README.md",
  "https://github.com/hetaoos/ESPEasy/blob/cf9cf453f7f7fd6757ab326eb4a657e7944a2243/Libraries/MechInputs/README.md",
  "https://github.com/Fataltyone/ESPEasy-airco/blob/cc5b7e8029a01e42977ff67bdc663022c438e2a3/Source/lib/MechInputs/README.md",
  "https://github.com/Nethereum/Nethereum.Contracts.IntegrationTester/blob/53ce0115b96136423edd0dbede2c14e63b1105c5/README.md",
  "https://github.com/sassod/EspEasy-MEGA-Sasso/blob/782a983a8caffe629fd51bef6134992b42c0e5a6/lib/MechInputs/README.md",
  "https://github.com/TidalPaladin/EspTestHelper/blob/473095e14077c184571f5d623601e4a9d83b9c1c/README.md",
  "https://github.com/wackot/project/blob/46b30908358a59ef4ec9be097a164b846be81602/library%20for%20project/ESPEasy%20mega/lib/MechInputs/README.md",
  "https://github.com/mfitzek/espEasy/blob/e170e4f648833802a6a2c40572d8709af53aef8a/Win/Source/lib/MechInputs/README.md",
  "https://github.com/SteffeyDev/fullscreen-osc-timer/blob/0fcefaa3594f37a3686993a79e5d7b8c1b0dfc20/README.md",
  "https://github.com/JoeySlomowitz/BilueCodeChallenge/blob/a97858e121c3eadae59ef68436f4fc444c22eb99/README.md",
  "https://github.com/sharkvan/fileparser/blob/4cbbe8aa9fc8421108665048d985f41053aa8ae3/README.md",
  "https://github.com/AgilatechSystems/mpu9250/blob/ada5a77dd48e57e7571e7f17ee84c5a7f946e430/README.md",
  "https://github.com/gelitoam/Domodom/blob/cbbf8a9d688b5697babf6b4a5c381d1deb13b06e/ESPEasy-mega%20original/ESPEasy-mega/lib/MechInputs/README.md",
  "https://github.com/gelitoam/Domodom/blob/cbbf8a9d688b5697babf6b4a5c381d1deb13b06e/ESP%20Easy%20sensor%20para%20panel%20agua%20caliente/Firmware%20ESPEasy-mega%20con%20sensor%20panel%20solar%20(subir%20esto%20con%20Atom%20con%20F7)/lib/MechInputs/README.md",
  "https://github.com/ossilampe/ESP_Relay_Board_Rx.x/blob/10bfcfc3ca3326d03481d16654fd804fff3e213d/Source/lib/MechInputs/README.md",
  "https://github.com/sapcc/fernet-router/blob/43d18cf13c587c3390a01670bf2d14c1e921f40d/README.md",
  "https://github.com/marciopamplona/ESP-iothink/blob/136bdc56bc72966b9f6de4b58a68072dbf34b385/lib/MechInputs/README.md",
  "https://github.com/Kibrael/2018_test_files/blob/659f8d165a335453cae309b9b0f0eb4ef999d843/readme.md",
  "https://github.com/NicoRenaud/huskython/blob/d2494bcac18667ee4957ee0e274eeb3df373c90f/README.md",
  "https://github.com/diogos88/espeasy_mega_my_plugins/blob/ef5eba21fa557b2fa405361b10c3050160c108c8/lib/MechInputs/README.md",
  "https://github.com/expertanalytics/fagkveld/blob/96e16b9610e8b60d36425e7bc5435d266de1f8bf/worldmap/README.rst",
  "https://github.com/jsovernigo/postfixCars/blob/1614f52b97c3f581b3d257c2f36e60b744b6a3d8/docs/README",
  "https://github.com/JK-de/MechInputs/blob/45796d5f3743015e0b33443e0592d789eae71aa8/README.md",
  "https://github.com/medvir/NIBSC-MVPR/blob/70bbf120fa9cc9dda438522b1cf6cce7e3487e93/README.md",
  "https://github.com/carlierm/testDataXplorer/blob/c5304a0255de96d53c2b473b128f5f2d696e812d/README.md",
  "https://github.com/cehbrecht/esmvaltool-demo/blob/c6a4842375041c8ed3aa018c4bbceeca40a2f5a7/tests/test_diagnostics/README.rst",
  "https://github.com/aalokaily/ERAMER/blob/efa4faba6312d668dc54a4dcaa44b588b86433e7/README.md",
  "https://github.com/cknoll/python-c-code-example/blob/eb04a64b9e3b3cb8eedc4a4d6ee69e3cc507b142/README.md",
  "https://github.com/elizarovalex/MockDataBase/blob/ff9978d8552b76b392bc2d32e56cb0f117b212ce/README.md",
  "https://github.com/InstituteforDiseaseModeling/EMOD-Typhoid/blob/111352cf7dbb69dc03ed4189d3370e570f24879f/Regression/00_Households/test_suite/36_5x5_MigrateIndividuals_Duration_At/README-ERAD-2921.txt",
  "https://github.com/mdekauwe/ESMValTool/blob/7739aff3675d463d2c1ad621edefba83d532ec46/tests/test_diagnostics/README.rst",
  "https://github.com/thsmi/SeeYouScoreExporter/blob/d26137cd7ab47465e54e8616b012cc9249a218ba/README.md",
  "https://github.com/InstituteforDiseaseModeling/EMOD/blob/d1b1917bdcfb3acf4cc01d00c7b30df2fe6c5ede/Regression/Malaria/45_Malaria_Households_5x5_MigrateIndividuals_Duration_At/README-ERAD-2921.txt",
  "https://github.com/aejmelaeus/NServiceBus.SequenceGate/blob/ebec9d42d3bae211dabb5722eea13ee3afd4996b/README.md",
  "https://github.com/siawyoung/remerge/blob/793c119dd6d252759fb6a2098edc03cbbc187cd1/docs/convenience-reducers/README.md",
  "https://github.com/cjgrady/lmResponseTester/blob/c9e07f0ef02757150db70bfc5705c88a25b8dcba/README.md",
  "https://github.com/decoursin/InterviewCodePuzzle/blob/84af7009e7395efdfc5c721841560519779ac631/README.md",
  "https://github.com/ama908/PUI2015_ama908/blob/2d71e5f431ad755697f70501509486c67ba16e50/README.md",
  "https://github.com/fmzingler/PUI2015_fmz208/blob/1efc4d144f762f1045c9970e437b010f2b1b7220/Homework3/README.md",
  "https://github.com/cytrus77/Arduinosy/blob/4cbb6a69d15105b343ce145f1270ae2847252989/libraries/Common/MechInputs/README.md",
  "https://github.com/orthographic-pedant/honeypot/blob/5e62c4173fe35574f801c3331f312c9fe4f1d30d/README.md",
  "https://github.com/letscontrolit/ESPEasy/blob/4c1b3a8abf427d5867e9ecdb08109017472466c1/lib/MechInputs/README.md",
  "https://github.com/sethwolter/Project1-NET041815/blob/3f4aa011638ec7d6434efb0b1846e5c4827785df/README.md",
  "https://github.com/actano/lake-rules/blob/e5b704ffcf660aad5f2f840a1b78e518aba61482/test/Readme.md",
  "https://github.com/dotintegral/evernote-read-later/blob/b8b38a3ed8393833e1bd25ff87329162588779ff/README.md",
  "https://github.com/mingtak/prome/blob/04575e3b070a4529df632e883d553425e088b15b/plone.app.contenttypes/README.rst",
  "https://github.com/qualquervalor/rateio/blob/ba65fb878db91278c0c4b7c1a7bb25ef976f9724/readme.md",
  "https://github.com/cite-architecture/ctsvalidator/blob/c834765a47e38bf4f530fde2284a4579a01dc862/src/main/webapp/testdata/README.md",
  "https://github.com/DaanStreng/WolfpackUI/blob/741d3c06abdab3bc42014b3f8a19526725d452e1/README.md",
  "https://github.com/sbard26/sample_app/blob/4ecb975dda64d0224b9d95aa668a29f236b0cb0c/vendor/bundle/gems/capybara-1.0.0.beta1/README.rdoc",
  "https://github.com/aakintil/quizmaker_copy_for_heroku/blob/89b46875f04c5bf7d3cad1c46fc066e2f58e1dbe/exec/ruby/1.9.1/gems/capybara-1.0.0/README.rdoc",
  "https://github.com/danstiner/college-assignments/blob/750e4c36d36f2c49df710e42333880997672f2ef/meetingpoints/README",
  "https://github.com/alonbl/OpenSC-Build/blob/e26ae1075a600249db8fef4edc6c7384136437b0/README",
  "https://github.com/gkindel/okjs/blob/d2334f74981a79f19cb40d121ab20f6b3d9c9b52/readme.md",
  "https://github.com/nina4github/Diaspora-Client-Sample/blob/c31939b7071f7b42f3bb57ebad8fd76d59d69724/faraday-stack/ruby/1.9.1/gems/capybara-0.3.9/README.rdoc",
  "https://github.com/nina4github/Diaspora-Client-Sample/blob/c31939b7071f7b42f3bb57ebad8fd76d59d69724/faraday-stack/ruby/1.9.1/gems/capybara-0.3.9/README.rdoc",
  "https://github.com/sdbmich1/timemsgr/blob/b807bd3eaa92737955e86df84b01b40669843357/will_paginate/ruby/1.9.1/gems/capybara-1.0.0/README.rdoc",
  "https://github.com/Jefers/saffron_app/blob/23b887330603c79e5f92c7691cfb5aec2f2038f8/vendor/bundle/ruby/1.9.1/gems/capybara-0.3.9/README.rdoc",
  "https://github.com/benalavi/secretly/blob/d3e4ad45b8cd6941eb3e0a05884a45c74d3f086d/vendor/capybara-0.4.1.2/README.rdoc",
  "https://github.com/tronwarrior/chapter-admin/blob/b0ce6ca04db4778c9fc947d99acc3627a7532f5e/path/ruby/1.9.1/gems/capybara-1.0.0.beta1/README.rdoc",
  "https://github.com/lorgio/maria.lotuffo.portfolio/blob/d7ae5b281e5225945170a270cae1ff9e0ec6ffc9/vendor/bundles/ruby/1.8/gems/capybara-0.4.1.1/README.rdoc",
  "https://github.com/cparker15/binaryfreedom.info/blob/e3b4e39710c48f4221f98b51da1ca340d03d955e/vendor/ruby/1.9.1/gems/capybara-0.4.0/README.rdoc",
  "https://github.com/DouglasMeyer/mock_it/blob/e8ad62f811fce71b45047cec7e896bfb65e490b6/Readme.md",
  "https://github.com/redradiant/centsible/blob/e4cc35ee1ccb8b1e66992bc18a9b7a26643affe4/vendor/bundle/ruby/1.9.1/gems/capybara-0.4.0/README.rdoc",
  "https://github.com/cdmwebs/hopecincy/blob/e07f908e6128fb736b2565fb80f69423796edd3c/vendor/gems/capybara/README.rdoc",
  "https://github.com/keikun17/fms/blob/65109a88835b04f68e49abbe5b5678036c5e69cb/fms_bundle/gems/capybara-0.3.9/README.rdoc",
  "https://github.com/matflores/protester/blob/108f8e2e2a8ea466e021143846170985b0cb3fbf/vendor/capybara-0.4.0/README.rdoc",
  "https://github.com/guilleiguaran/hermes-client/blob/9b25b5b5607e40dd63c5bba1f1cc0d8761f2c2ae/vendor/gems/capybara-0.3.6/README.rdoc",
  "https://github.com/kioopi/jquery-clustering/blob/23ffb962351a5ca00bab2d053e338292a9b69fde/README"
]
