[
  "https://github.com/ldab/pet_feeder/blob/e637fb837c9b355a6f20c4d6a07e9ed16ac5ab2d/README.md",
  "https://github.com/cristianfloresee/crsoq_server/blob/7ac9b3e113e7cb2c04f3efae032d399e97fc605b/README.md",
  "https://github.com/ldab/Node-RED-Energy-Harvesting-dashboard/blob/0973de7722995d50aee58b681c9fee7da7da95b3/README.md",
  "https://github.com/JwayCube/continuous-learning/blob/0c5edd55e15fcf3602821bbb84647ae6c58605f4/Udacity/FullStack-Nanodegree/Linux-Server/README.md",
  "https://github.com/Colm3na/DAppNode-WiFi/blob/c46906e7cf3289ea1d01c0768d2f610debd5fa12/README.md",
  "https://github.com/ldab/ESP32-CAM-Picture-Sharing/blob/61772acdebc3e0537e1b726e9dab13c5b19cf7f2/README.md",
  "https://github.com/Colm3na/Cyberd/blob/39f408cff383cd7a38693bce7ef1cf920f518e1b/README%5BES_es%5D.md",
  "https://github.com/Colm3na/Cyberd/blob/d23361c28b596c5262fb0f74ea3f73dd3964aac9/README.md",
  "https://github.com/daniellmorris/starter-prisma-apollo-react/blob/a783b7195b70a99fe80215850a30605c003ba6b5/README.md",
  "https://github.com/pingcap/monitoring/blob/d48f67739fd28b89f29650fc32a22b58967033b2/README.md"
]
