https://github.com/AgilatechSystems/mpu9250/blob/master/README.md
https://github.com/DaanStreng/WolfpackUI/blob/master/README.md
https://github.com/DouglasMeyer/mock_it/blob/master/Readme.md
https://github.com/Fataltyone/ESPEasy-airco/blob/master/README.md
https://github.com/InstituteforDiseaseModeling/EMOD-Typhoid/blob/master/README-ERAD-2921.txt
https://github.com/InstituteforDiseaseModeling/EMOD/blob/master/README-ERAD-2921.txt
https://github.com/JK-de/MechInputs/blob/master/README.md
https://github.com/Jefers/saffron_app/blob/master/README.rdoc
https://github.com/JoeySlomowitz/BilueCodeChallenge/blob/master/README.md
https://github.com/Kibrael/2018_test_files/blob/master/readme.md
https://github.com/Nethereum/Nethereum.Contracts.IntegrationTester/blob/master/README.md
https://github.com/NicoRenaud/huskython/blob/master/README.md
https://github.com/SteffeyDev/fullscreen-osc-timer/blob/master/README.md
https://github.com/TidalPaladin/EspTestHelper/blob/master/README.md
https://github.com/aakintil/quizmaker_copy_for_heroku/blob/master/README.rdoc
https://github.com/aalokaily/ERAMER/blob/master/README.md
https://github.com/actano/lake-rules/blob/master/Readme.md
https://github.com/aejmelaeus/NServiceBus.SequenceGate/blob/master/README.md
https://github.com/algal/swiftlinux/blob/master/README.md
https://github.com/alonbl/OpenSC-Build/blob/master/README
https://github.com/ama908/PUI2015_ama908/blob/master/README.md
https://github.com/arnemauer/ESPEasy-mega-20180904/blob/master/README.md
https://github.com/axiomware/Advertisement_scanner_MQTT/blob/master/README.md
https://github.com/baobon/Smart-Home-/blob/master/README.md
https://github.com/benalavi/secretly/blob/master/README.rdoc
https://github.com/carlierm/testDataXplorer/blob/master/README.md
https://github.com/cdmwebs/hopecincy/blob/master/README.rdoc
https://github.com/cehbrecht/esmvaltool-demo/blob/master/README.rst
https://github.com/charuga/eseasy/blob/master/README.md
https://github.com/cinchapi/concourse/blob/master/README.md
https://github.com/cite-architecture/ctsvalidator/blob/master/README.md
https://github.com/cjgrady/lmResponseTester/blob/master/README.md
https://github.com/cknoll/python-c-code-example/blob/master/README.md
https://github.com/cnkz111/MPM3PM_ESPEasy/blob/master/README.md
https://github.com/cparker15/binaryfreedom.info/blob/master/README.rdoc
https://github.com/cytrus77/Arduinosy/blob/master/README.md
https://github.com/danstiner/college-assignments/blob/master/README
https://github.com/decoursin/InterviewCodePuzzle/blob/master/README.md
https://github.com/diogos88/espeasy_mega_my_plugins/blob/master/README.md
https://github.com/disanna/FanCoilController/blob/master/README.md
https://github.com/dotintegral/evernote-read-later/blob/master/README.md
https://github.com/dvzgeo/php_ogr/blob/master/README.md
https://github.com/earlgreyz/SIK-siktacka/blob/master/README.md
https://github.com/efischer19/ft-frontend/blob/master/README.md
https://github.com/elizarovalex/MockDataBase/blob/master/README.md
https://github.com/elmsln/rollup-plugin-rewrite-imports/blob/master/README.md
https://github.com/expertanalytics/fagkveld/blob/master/README.rst
https://github.com/fmzingler/PUI2015_fmz208/blob/master/README.md
https://github.com/gelitoam/Domodom/blob/master/README.md
https://github.com/gkindel/okjs/blob/master/readme.md
https://github.com/go-functional/dcode/blob/master/README.md
https://github.com/guilleiguaran/hermes-client/blob/master/README.rdoc
https://github.com/henfri/bitbuckedconverter/blob/master/README.md
https://github.com/hetaoos/ESPEasy/blob/master/README.md
https://github.com/hsoft/collapseos/blob/master/README.md
https://github.com/imgtester/espeasy_test/blob/master/README.md
https://github.com/jiamule/ESPEasy/blob/master/README.md
https://github.com/jsovernigo/postfixCars/blob/master/README
https://github.com/keikun17/fms/blob/master/README.rdoc
https://github.com/kioopi/jquery-clustering/blob/master/README
https://github.com/letscontrolit/ESPEasy/blob/master/README.md
https://github.com/lorgio/maria.lotuffo.portfolio/blob/master/README.rdoc
https://github.com/marciopamplona/ESP-iothink/blob/master/README.md
https://github.com/matflores/protester/blob/master/README.rdoc
https://github.com/mdekauwe/ESMValTool/blob/master/README.rst
https://github.com/medvir/NIBSC-MVPR/blob/master/README.md
https://github.com/mfitzek/espEasy/blob/master/README.md
https://github.com/mich4el-git/ReefLight/blob/master/README.md
https://github.com/mingtak/prome/blob/master/README.rst
https://github.com/mkreiser/ITC-Backend/blob/master/README.md
https://github.com/nina4github/Diaspora-Client-Sample/blob/master/README.rdoc
https://github.com/novaeeken/reddits-best/blob/master/README.md
https://github.com/oli196/Testing/blob/master/README.md
https://github.com/ossilampe/ESP_Relay_Board_Rx.x/blob/master/README.md
https://github.com/qualquervalor/rateio/blob/master/readme.md
https://github.com/qwerty90/Lampa/blob/master/README.md
https://github.com/radare/radare2-regressions/blob/master/README.md
https://github.com/redradiant/centsible/blob/master/README.rdoc
https://github.com/sapcc/fernet-router/blob/master/README.md
https://github.com/sassod/EspEasy-MEGA-Sasso/blob/master/README.md
https://github.com/sbard26/sample_app/blob/master/README.rdoc
https://github.com/sdbmich1/timemsgr/blob/master/README.rdoc
https://github.com/sethwolter/Project1-NET041815/blob/master/README.md
https://github.com/sharkvan/fileparser/blob/master/README.md
https://github.com/siawyoung/remerge/blob/master/README.md
https://github.com/simpl-kist/SimPL_public/blob/master/readme.md
https://github.com/thsmi/SeeYouScoreExporter/blob/master/README.md
https://github.com/tonyrog/chine/blob/master/README.md
https://github.com/tronwarrior/chapter-admin/blob/master/README.rdoc
https://github.com/wackot/project/blob/master/README.md
https://github.com/wmik/consert/blob/master/readme.md
